seq instrument model$uri=www.ebi.ac.uk/efo/EFO_0004106$subClassOf=www.ebi.ac.uk/efo/EFO_0000548$definition=Sequencing instrument model included in Atlas$definition_editor=Dani Welter$organizational_class=true
Illumina Genome Analyzer$uri=www.ebi.ac.uk/efo/EFO_0004200$subClassOf=www.ebi.ac.uk/efo/EFO_0002699 n4$definition=A DNA sequencer developed by Illumina.
Illumina Genome Analyzer II$uri=www.ebi.ac.uk/efo/EFO_0004201$subClassOf=www.ebi.ac.uk/efo/OBI_0400103 n2$definition=A DNA sequencer developed by Illumina.
Illumina Genome Analyzer IIx$uri=www.ebi.ac.uk/efo/EFO_0004202$subClassOf=www.ebi.ac.uk/efo/OBI_0400103 n2$definition=A DNA sequencer developed by Illumina.
454 GS 20 sequencer$uri=www.ebi.ac.uk/efo/EFO_0004206$subClassOf=www.ebi.ac.uk/efo/EFO_0002699$definition=The 454 GS 20 is a GS20 high-throughput sequencing machine developed by 454 Life Sciences.
braces$uri=www.ebi.ac.uk/efo/EFO_0004291$subClassOf=www.ebi.ac.uk/efo/EFO_0000548$MSH_definition_citation=MSH:D001915$definition=Orthopedic appliances used to support, align, or hold parts of the body in correct position. (Dorland, 28th ed).$definition_editor=Dani Welter$gwas_trait=true
454 GS sequencer$uri=www.ebi.ac.uk/efo/EFO_0004431$subClassOf=www.ebi.ac.uk/efo/EFO_0002699$definition=The 454 GS is a GS high-throughput sequencing machine developed by 454 Life Sciences.
454 GS FLX Titanium sequencer$uri=www.ebi.ac.uk/efo/EFO_0004433$subClassOf=www.ebi.ac.uk/efo/EFO_0002699$definition=The 454 GS FLX Titanium sequencer is a GS high-throughput sequencing machine developed by 454 Life Sciences.
454 GS Junior sequencer$uri=www.ebi.ac.uk/efo/EFO_0004434$subClassOf=www.ebi.ac.uk/efo/EFO_0002699$definition=The 454 GS Junior is a GS high-throughput sequencing machine developed by 454 Life Sciences.
probe design element$uri=www.ebi.ac.uk/efo/EFO_0004903$subClassOf=www.ebi.ac.uk/efo/EFO_0000548$definition=The probe which is used in an assay such as an array for detecting sequence or gene expression levels.$definition_editor=James Malone
microarray wash station$uri=www.ebi.ac.uk/efo/EFO_0002028$subClassOf=www.ebi.ac.uk/efo/EFO_0000548$alternative_term=mged.sourceforge.net/ontologies/MGEDOntology.owl#wash_station,wash_station$bioportal_provenance=wash_station[accessedResource: MO_626][accessDate: 05-04-2011]$definition=A microarray wash station is an instrument used to wash or stain microarrays.$definition_citation=MO_626$definition_editor=James Malone
mged.sourceforge.net/ontologies/MGEDOntology.owl#wash_station$synonymousLabel=microarray wash station$synonymousURI=www.ebi.ac.uk/efo/EFO_0002028
wash_station$synonymousLabel=microarray wash station$synonymousURI=www.ebi.ac.uk/efo/EFO_0002028
array$uri=www.ebi.ac.uk/efo/EFO_0002698$subClassOf=www.ebi.ac.uk/efo/EFO_0000548$alternative_term=microarray$definition=An instrument which consists of nucleic acid or protein molecules bound to a substrate$created_by=Helen Parkinson
microarray$synonymousLabel=array$synonymousURI=www.ebi.ac.uk/efo/EFO_0002698
high throughput sequencer$uri=www.ebi.ac.uk/efo/EFO_0002699$subClassOf=www.ebi.ac.uk/efo/EFO_0003739$definition=Is an instrument is which supports massively parallel sequencing of nucleic acids$created_by=Helen Parkinson
DNA array$uri=www.ebi.ac.uk/efo/EFO_0002701$subClassOf=www.ebi.ac.uk/efo/EFO_0002698$definition=An array consisting of DNA probes bound to a substrate$definition_citation=en.wikipedia.org/wiki/DNA_microarray#Uses_and_types$created_by=Helen Parkinson
protein array$uri=www.ebi.ac.uk/efo/EFO_0002702$subClassOf=www.ebi.ac.uk/efo/EFO_0002698$alternative_term=protein binding array$definition=A protein array is an array which provides a multiplex approach to identify protein-protein interactions, to identify the substrates of protein kinases, to identify transcription factor protein-activation, or to identify the targets of biologically active small molecules. The array is a substrate (e.g. glass) on which different molecules of protein or specific DNA binding sequences (as capture probes for the proteins) have been affixed at separate locations in an ordered manner thus forming a microscopic array. The most common protein microarray is the antibody microarray, where antibodies are spotted onto the protein chip and are used as capture molecules to detect proteins from cell lysate solutions.$definition_citation=en.wikipedia.org/wiki/Protein_microarray$created_by=Helen Parkinson
protein binding array$synonymousLabel=protein array$synonymousURI=www.ebi.ac.uk/efo/EFO_0002702
SNP array$uri=www.ebi.ac.uk/efo/EFO_0002703$subClassOf=www.ebi.ac.uk/efo/EFO_0002701$definition=SNP array is a DNA array used to detect polymorphisms in DNA samples$created_by=Helen Parkinson
tiling array$uri=www.ebi.ac.uk/efo/EFO_0002704$subClassOf=www.ebi.ac.uk/efo/EFO_0002701$alternative_term=genome tiling array$definition=A tiling array is an array which has short fragments of nucleic acid immobilized on a substrate. These are designed to cover the whole genome of the target species. Tiling arrays are used to determine genome binding in ChIP assays or to identify transcribed regions.$definition_citation=en.wikipedia.org/wiki/Tiling_array$created_by=Helen Parkinson
genome tiling array$synonymousLabel=tiling array$synonymousURI=www.ebi.ac.uk/efo/EFO_0002704
centrifuge$uri=purl.obolibrary.org/obo/OBI_0400106$subClassOf=purl.obolibrary.org/obo/EFO_0000548$comment=A device with a rapidly rotating container that applies centrifugal force to its contents$EFO_URI=www.ebi.ac.uk/efo/EFO_0002013$alternative_term=mged.sourceforge.net/ontologies/MGEDOntology.owl#centrifuge$definition=A centrifuge is an instrument, generally driven by a motor, that puts an object in rotation around a fixed axis, applying force perpendicular to the axis. The centrifuge works using the sedimentation principle, where the centripetal acceleration is used to separate substances of greater and lesser density.$definition_citation=MO_476$definition_editor=James Malone
mged.sourceforge.net/ontologies/MGEDOntology.owl#centrifuge$synonymousLabel=centrifuge$synonymousURI=purl.obolibrary.org/obo/OBI_0400106
computer$uri=purl.obolibrary.org/obo/OBI_0400107$subClassOf=purl.obolibrary.org/obo/EFO_0000548$EFO_URI=www.ebi.ac.uk/efo/EFO_0002088$alternative_term=mged.sourceforge.net/ontologies/MGEDOntology.owl#computer$definition=A computer is an instrument which manipulates (stores, retrieves, and processes) data according to a list of instructions. A computer is an instrument which manipulates (stores, retrieves, and processes) data according to a list of instructions.$definition_citation=MO_510$definition_editor=James Malone
mged.sourceforge.net/ontologies/MGEDOntology.owl#computer$synonymousLabel=computer$synonymousURI=purl.obolibrary.org/obo/OBI_0400107
liquid handler$uri=purl.obolibrary.org/obo/OBI_0400112$subClassOf=purl.obolibrary.org/obo/EFO_0000548$EFO_URI=www.ebi.ac.uk/efo/EFO_0002021$alternative_term=liquid handling instrument,mged.sourceforge.net/ontologies/MGEDOntology.owl#liquid_handler$bioportal_provenance=liquid_handler[accessedResource: MO_868][accessDate: 05-04-2011]$definition=a device that is used for automated liquid transfer and handling. A liquid_handler is an instrument used for automated liquid transfer and handling.$definition_citation=MO_868$definition_editor=James Malone
liquid handling instrument$synonymousLabel=liquid handler$synonymousURI=purl.obolibrary.org/obo/OBI_0400112
mged.sourceforge.net/ontologies/MGEDOntology.owl#liquid_handler$synonymousLabel=liquid handler$synonymousURI=purl.obolibrary.org/obo/OBI_0400112
thermal cycler$uri=purl.obolibrary.org/obo/OBI_0400116$subClassOf=purl.obolibrary.org/obo/EFO_0000548$EFO_URI=www.ebi.ac.uk/efo/EFO_0002025$alternative_term=mged.sourceforge.net/ontologies/MGEDOntology.owl#thermal_cycler,thermocycler,Polymerase Chain Reaction machine,DNA amplifier,PCR machine$bioportal_provenance=thermal_cycler[accessedResource: MO_854][accessDate: 05-04-2011]$definition=An instrument that is capable of repeatedly altering and maintaining specific temperatures for defined periods of time.$definition_citation=MO_854$definition_editor=James Malone
mged.sourceforge.net/ontologies/MGEDOntology.owl#thermal_cycler$synonymousLabel=thermal cycler$synonymousURI=purl.obolibrary.org/obo/OBI_0400116
thermocycler$synonymousLabel=thermal cycler$synonymousURI=purl.obolibrary.org/obo/OBI_0400116
Polymerase Chain Reaction machine$synonymousLabel=thermal cycler$synonymousURI=purl.obolibrary.org/obo/OBI_0400116
DNA amplifier$synonymousLabel=thermal cycler$synonymousURI=purl.obolibrary.org/obo/OBI_0400116
PCR machine$synonymousLabel=thermal cycler$synonymousURI=purl.obolibrary.org/obo/OBI_0400116
vacuum dryer$uri=purl.obolibrary.org/obo/OBI_0400117$subClassOf=purl.obolibrary.org/obo/EFO_0000548$EFO_URI=www.ebi.ac.uk/efo/EFO_0002026$alternative_term=mged.sourceforge.net/ontologies/MGEDOntology.owl#vacuum_dryer$bioportal_provenance=vacuum_dryer[accessedResource: MO_696][accessDate: 05-04-2011]$definition=An instrument which removes liquid by the application of negative pressure, i.e. vacuum. An instrument which removes liquid by the application of negative pressure, i.e. vacuum.$definition_citation=MO_696$definition_editor=James Malone
mged.sourceforge.net/ontologies/MGEDOntology.owl#vacuum_dryer$synonymousLabel=vacuum dryer$synonymousURI=purl.obolibrary.org/obo/OBI_0400117
instrument$uri=www.ebi.ac.uk/efo/EFO_0000548$subClassOf=www.ebi.ac.uk/efo/MaterialEntity$alternative_term=HardwareType,hardware$bioportal_provenance=HardwareType[accessedResource: MO_113][accessDate: 05-04-2011] Hardware[accessedResource: MO_134][accessDate: 05-04-2011]$branch_class=true$definition=An instrument is a device which provides a mechanical or electronic function.$definition_citation=OBI_0400003 MO_113 MO_134$definition_editor=Jie Zheng James Malone Tomasz Adamusiak
HardwareType$synonymousLabel=instrument$synonymousURI=www.ebi.ac.uk/efo/EFO_0000548
hardware$synonymousLabel=instrument$synonymousURI=www.ebi.ac.uk/efo/EFO_0000548
