centrifuge$uri=http://purl.obolibrary.org/obo/OBI_0400106$subClassOf=http://purl.obolibrary.org/obo/D004864$IAO_0000115=A device with a rapidly rotating container that applies centrifugal force to its contents$IAO_0000412=OBI$IAO_0000119=http://en.wikipedia.org/wiki/Centrifuge
thermal cycler$uri=http://purl.obolibrary.org/obo/OBI_0400116$subClassOf=http://purl.obolibrary.org/obo/D004864$IAO_0000112=Piko(tm) 96-well Thermal Cycler$IAO_0000115=An instrument that is capable of repeatedly altering and maintaining specific temperatures for defined periods of time.$IAO_0000412=OBI$IAO_0000118=DNA amplifier,PCR machine,Polymerase Chain Reaction machine,thermocycler$IAO_0000119=MO
DNA amplifier$synonymousLabel=thermal cycler$synonymousURI=http://purl.obolibrary.org/obo/OBI_0400116
PCR machine$synonymousLabel=thermal cycler$synonymousURI=http://purl.obolibrary.org/obo/OBI_0400116
Polymerase Chain Reaction machine$synonymousLabel=thermal cycler$synonymousURI=http://purl.obolibrary.org/obo/OBI_0400116
thermocycler$synonymousLabel=thermal cycler$synonymousURI=http://purl.obolibrary.org/obo/OBI_0400116
DNA amplifier$synonymousLabel=thermal cycler$synonymousURI=http://purl.obolibrary.org/obo/OBI_0400116
PCR machine$synonymousLabel=thermal cycler$synonymousURI=http://purl.obolibrary.org/obo/OBI_0400116
Polymerase Chain Reaction machine$synonymousLabel=thermal cycler$synonymousURI=http://purl.obolibrary.org/obo/OBI_0400116
thermocycler$synonymousLabel=thermal cycler$synonymousURI=http://purl.obolibrary.org/obo/OBI_0400116
water bath$uri=http://purl.obolibrary.org/obo/OBI_0400155$subClassOf=http://purl.obolibrary.org/obo/OBI_0400120$IAO_0000112=A water bath was used to allow for cell incubation at 38 degree centigrade for 8 hours.$IAO_0000115=A water bath is a temperature control bath in which a water acts as contact medium enabling temperature transfer from the heating element or cooling element to the sample. The temperature can be controlled in the 0 to 100 degree centigrade range (under normal pressure).$IAO_0000412=OBI
incubator$uri=http://purl.obolibrary.org/obo/OBI_0000136$subClassOf=http://purl.obolibrary.org/obo/D004864$IAO_0000112=Incubators are used in microbiology for culturing (growing) bacteria and other microorganisms. Incubators in tissue culture rooms are used for culturing stem cells, lymphocytes, skin fibroblasts and other types of cells$IAO_0000115=a device in which environmental conditions (light, photoperiod, temperature, humidity, etc.) can be controlled$IAO_0000412=OBI$IAO_0000119=http://www.medterms.com/script/main/art.asp?articlekey=18426
lyophilizer$uri=http://purl.obolibrary.org/obo/OBI_0001087$subClassOf=http://purl.obolibrary.org/obo/D004864$IAO_0000115=A device that is used to freeze dry material.$IAO_0000412=OBI$IAO_0000119=http://en.wikipedia.org/wiki/Freeze_drying
microcentrifuge$uri=http://purl.obolibrary.org/obo/OBI_0001100$subClassOf=http://purl.obolibrary.org/obo/OBI_0400106$IAO_0000115=A type of centrifuge that is designed for small tubes (0.2 ml to 2.0 ml), has a compact design, and has a small footprint.$IAO_0000412=OBI$IAO_0000119=http://en.wikipedia.org/wiki/Laboratory_centrifuge
micropipette$uri=http://purl.obolibrary.org/obo/OBI_0001128$subClassOf=http://purl.obolibrary.org/obo/D004864$IAO_0000115=A microinjection device that is used to measure very small volumes of liquids.$IAO_0000412=OBI$IAO_0000119=http://www.answers.com/topic/micropipette
temperature control bath$uri=http://purl.obolibrary.org/obo/OBI_0400120$subClassOf=http://purl.obolibrary.org/obo/D004864$IAO_0000112=VWR Signature Deep-Chamber Heated Water Bath. A water bath is used for temperatures up to 100 degrees C. An oil bath is employed for temperatures over 100 degrees C.$IAO_0000115=A temperature_control_bath is a device that has the function to regulate the temperature of a material, the function to contain fluid and the function to vary and maintain the temperature of the contained fluid. Heat exchange (energy transfer) between the material and the heating element is facilitated via the contained fluid. A temperature_control_bath is composed of a container, a heating element and/or a cooling element and a means to adjust the needed temperature. In most cases also a timer and a means to stir the fluid is provided as well.$IAO_0000412=OBI$IAO_0000119=OBI Instrument branch
equipment and supplies$uri=http://purl.bioontology.org/ontology/MSH/D004864$subClassOf=http://purl.bioontology.org/ontology/MSH/vb342044 _$IAO_0000115=Expendable and nonexpendable equipment, supplies, apparatus, and instruments that are used in diagnostic, surgical, therapeutic, scientific, and experimental procedures.$IAO_0000412=Medical Subject Headings (MeSH)$IAO_0000118=Device Apparatus and Instruments Device,Medical Devices,Medical Instruments and Apparatus Inventory,Medical Device Supplies and Equipment,MED DEVICE EQUIPMENT SUPPLIES,MED DEVICES APPARATUS INSTRUM DEVICES,MED DEVICE,MED Devices Equipment Inventories,Medical Devices Supplies
Device Apparatus and Instruments Device$synonymousLabel=equipment and supplies$synonymousURI=http://purl.bioontology.org/ontology/MSH/D004864
Medical Devices$synonymousLabel=equipment and supplies$synonymousURI=http://purl.bioontology.org/ontology/MSH/D004864
Medical Instruments and Apparatus Inventory$synonymousLabel=equipment and supplies$synonymousURI=http://purl.bioontology.org/ontology/MSH/D004864
Medical Device Supplies and Equipment$synonymousLabel=equipment and supplies$synonymousURI=http://purl.bioontology.org/ontology/MSH/D004864
MED DEVICE EQUIPMENT SUPPLIES$synonymousLabel=equipment and supplies$synonymousURI=http://purl.bioontology.org/ontology/MSH/D004864
MED DEVICES APPARATUS INSTRUM DEVICES$synonymousLabel=equipment and supplies$synonymousURI=http://purl.bioontology.org/ontology/MSH/D004864
MED DEVICE$synonymousLabel=equipment and supplies$synonymousURI=http://purl.bioontology.org/ontology/MSH/D004864
MED Devices Equipment Inventories$synonymousLabel=equipment and supplies$synonymousURI=http://purl.bioontology.org/ontology/MSH/D004864
Medical Devices Supplies$synonymousLabel=equipment and supplies$synonymousURI=http://purl.bioontology.org/ontology/MSH/D004864
Device Apparatus and Instruments Device$synonymousLabel=equipment and supplies$synonymousURI=http://purl.bioontology.org/ontology/MSH/D004864
Medical Devices$synonymousLabel=equipment and supplies$synonymousURI=http://purl.bioontology.org/ontology/MSH/D004864
Medical Instruments and Apparatus Inventory$synonymousLabel=equipment and supplies$synonymousURI=http://purl.bioontology.org/ontology/MSH/D004864
Medical Device Supplies and Equipment$synonymousLabel=equipment and supplies$synonymousURI=http://purl.bioontology.org/ontology/MSH/D004864
MED DEVICE EQUIPMENT SUPPLIES$synonymousLabel=equipment and supplies$synonymousURI=http://purl.bioontology.org/ontology/MSH/D004864
MED DEVICES APPARATUS INSTRUM DEVICES$synonymousLabel=equipment and supplies$synonymousURI=http://purl.bioontology.org/ontology/MSH/D004864
MED DEVICE$synonymousLabel=equipment and supplies$synonymousURI=http://purl.bioontology.org/ontology/MSH/D004864
MED Devices Equipment Inventories$synonymousLabel=equipment and supplies$synonymousURI=http://purl.bioontology.org/ontology/MSH/D004864
Medical Devices Supplies$synonymousLabel=equipment and supplies$synonymousURI=http://purl.bioontology.org/ontology/MSH/D004864
freezer$uri=http://ncicb.nci.nih.gov/xml/owl/EVS/Thesaurus.owl#C84327$subClassOf=http://ncicb.nci.nih.gov/xml/owl/EVS/Thesaurus.owl#D004864$IAO_0000115=A refrigerated cabinet or room for preserving materials at or below 32F (0C).$IAO_0000412=NCI thesaurus
bag$uri=http://purl.org/net/SMARTprotocol#Bag$subClassOf=http://purl.org/net/SMARTprotocol#D004864$IAO_0000112=Laboratory bags: autoclavable biohazard bags, specimen/document zipper bags$IAO_0000115=A bag is a supply. A bag is a simple tool in the form of a non-rigid container.
centrifuge tube$uri=http://purl.org/net/SMARTprotocol#CentrifugeTube$subClassOf=http://purl.org/net/SMARTprotocol#D004864$IAO_0000112=Weigh 300-400 mg of ground, lyophilized tissue, into a 15 ml polypropylene centrifuge tube.$IAO_0000115=Centrifuge tube is a supply. centrifuge tubes are tapered tubes of various sizes made of glass or plastic. They may vary in capacity from tens of millilitres.$IAO_0000118=centrifuge tips$IAO_0000119=http://en.wikipedia.org/wiki/Laboratory_centrifuge#Centrifuge_tubes
centrifuge tips$synonymousLabel=centrifuge tube$synonymousURI=http://purl.org/net/SMARTprotocol#CentrifugeTube
centrifuge tips$synonymousLabel=centrifuge tube$synonymousURI=http://purl.org/net/SMARTprotocol#CentrifugeTube
grinding machine$uri=http://purl.org/net/SMARTprotocol#GrindingMachine$subClassOf=http://purl.org/net/SMARTprotocol#D004864$IAO_0000112=Put the number of seed indicated by the kit protocol in the grinding machine and grind the seed to a powder.$IAO_0000115=Grinding machine is a equipment. Grinding machine is a machine used to grind grains and leaves.$IAO_0000118=Grinding device
Grinding device$synonymousLabel=grinding machine$synonymousURI=http://purl.org/net/SMARTprotocol#GrindingMachine
microcentrifuge tube$uri=http://purl.org/net/SMARTprotocol#MicrocentrifugeTube$subClassOf=http://purl.org/net/SMARTprotocol#D004864$IAO_0000112=Pour off supernatant into 1.5 ml microfuge tube.$IAO_0000115=Microcentrifuge tube is a supply. Microcentrifuge tubes are plastic tubes with capacities from 250 ul to 2.0 ml.$IAO_0000118=Microcentrifuge tips,microfuge tube$IAO_0000119=http://en.wikipedia.org/wiki/Laboratory_centrifuge#Centrifuge_tubes
Microcentrifuge tips$synonymousLabel=microcentrifuge tube$synonymousURI=http://purl.org/net/SMARTprotocol#MicrocentrifugeTube
microfuge tube$synonymousLabel=microcentrifuge tube$synonymousURI=http://purl.org/net/SMARTprotocol#MicrocentrifugeTube
Grinding device$synonymousLabel=grinding machine$synonymousURI=http://purl.org/net/SMARTprotocol#GrindingMachine
portable ice chest$uri=http://purl.org/net/SMARTprotocol#PortableIceChest$subClassOf=http://purl.org/net/SMARTprotocol#D004864$IAO_0000112=Place bags in a portable ice chest or other container with ice to keep samples cool.$IAO_0000115=A portable ice chest is a supply. A cooler, cool box, portable ice chest, chilly bin (in New Zealand), or esky (Australia) most commonly is an insulated box used to keep the things cool.$IAO_0000118=cooler,cool box,chilly bin esky$IAO_0000119=http://en.wikipedia.org/wiki/Cooler
cooler$synonymousLabel=portable ice chest$synonymousURI=http://purl.org/net/SMARTprotocol#PortableIceChest
cool box$synonymousLabel=portable ice chest$synonymousURI=http://purl.org/net/SMARTprotocol#PortableIceChest
chilly bin esky$synonymousLabel=portable ice chest$synonymousURI=http://purl.org/net/SMARTprotocol#PortableIceChest
cooler$synonymousLabel=portable ice chest$synonymousURI=http://purl.org/net/SMARTprotocol#PortableIceChest
cool box$synonymousLabel=portable ice chest$synonymousURI=http://purl.org/net/SMARTprotocol#PortableIceChest
chilly bin esky$synonymousLabel=portable ice chest$synonymousURI=http://purl.org/net/SMARTprotocol#PortableIceChest
